// Jest Snapshot v1, https://goo.gl/fbAQLP

exports[`Pruebas para el componente  <GifGrid> Esta prueba es para hacer match con el snapshot 1`] = `
<div>
  <h2>
    Evangelion
  </h2>
  <h2>
    Loading...
  </h2>
</div>
`;
