// Jest Snapshot v1, https://goo.gl/fbAQLP

exports[`prueba sobre AddCategory Prueba del snapshot 1`] = `
<div>
  <form
    aria-label="form"
  >
    <input
      placeholder="Write Something"
      type="text"
      value=""
    />
  </form>
</div>
`;
