// Jest Snapshot v1, https://goo.gl/fbAQLP

exports[`prueba sobre GifGrid Esta prueba es para hacer match con el snapshot 1`] = `
<div>
  <h2>
    batman
  </h2>
  <h2>
    Loading...
  </h2>
</div>
`;
